---
source: tests/requests/auth.rs
expression: login_response.text()
---
"{\"type\":\"Login\",\"token\":\"TOKEN\",\"pid\":\"PID\",\"name\":\"loco\",\"email\":\"test@loco.com\",\"is_verified\":false}"
