---
source: tests/requests/auth.rs
expression: magic_link_response.text()
---
"{\"type\":\"Login\",\"token\":\"TOKEN\",\"pid\":\"PID\",\"name\":\"user1\",\"email\":\"user1@example.com\",\"is_verified\":false}"
